// Jest Snapshot v1, https://goo.gl/fbAQLP

exports[`WizardFullScreen matches snapshot with minimal props 1`] = `
<div
  className="wizard-splash auth-image"
>
  <div
    className="wizard-container"
  />
  <p
    className="auth-credits"
  >
    Powered by 
    <span
      className="icon cubo-uniform"
    />
     InfluxData
  </p>
</div>
`;

exports[`WizardFullScreen with children matches snapshot with children props 1`] = `
<div
  className="wizard-splash auth-image"
>
  <div
    className="wizard-container"
  />
  <p
    className="auth-credits"
  >
    Powered by 
    <span
      className="icon cubo-uniform"
    />
     InfluxData
  </p>
</div>
`;
