// Jest Snapshot v1, https://jestjs.io/docs/snapshot-testing

exports[`WizardOverlay matches snapshot with minimal props 1`] = `
<div
  className="wizard-overlay"
>
  <OverlayTechnology>
    <OverlayContainer
      maxWidth={800}
    >
      <OverlayHeading
        onDismiss={[Function]}
      />
      <OverlayBody />
    </OverlayContainer>
  </OverlayTechnology>
</div>
`;

exports[`WizardOverlay with children matches snapshot with children props 1`] = `
<div
  className="wizard-overlay"
>
  <OverlayTechnology>
    <OverlayContainer
      maxWidth={800}
    >
      <OverlayHeading
        onDismiss={[Function]}
      />
      <OverlayBody />
    </OverlayContainer>
  </OverlayTechnology>
</div>
`;
