// Jest Snapshot v1, https://goo.gl/fbAQLP

exports[`Card Select Card matches snapshot with two children 1`] = `
<fieldset
  className="card-select--wrapper"
>
  <legend>
    legend
  </legend>
  <div
    className="card-select--cards"
  >
    <div
      className="card-select--card card-select--active"
      data-toggle="card_toggle"
      onClick={[Function]}
    >
      <label
        className="card-select--container"
      >
        <span
          className="card-select--label"
        >
          Card Label
        </span>
        <input
          checked={false}
          disabled={false}
          id="card_select_card_id"
          name="card_select_card_id"
          type="checkbox"
          value="card_id"
        />
        <span
          className="card-select--checkmark icon checkmark"
        />
        <div
          className="card-select--image"
        >
          <span
            className="card-select--placeholder icon dash-j"
          />
        </div>
      </label>
    </div>
    <div
      className="card-select--card card-select--active"
      data-toggle="card_toggle"
      onClick={[Function]}
    >
      <label
        className="card-select--container"
      >
        <span
          className="card-select--label"
        >
          Card Label
        </span>
        <input
          checked={false}
          disabled={false}
          id="card_select_card_id"
          name="card_select_card_id"
          type="checkbox"
          value="card_id"
        />
        <span
          className="card-select--checkmark icon checkmark"
        />
        <div
          className="card-select--image"
        >
          <span
            className="card-select--placeholder icon dash-j"
          />
        </div>
      </label>
    </div>
  </div>
</fieldset>
`;
